2026-06-12 03:28:57,752 - INFO - ==================================================
2026-06-12 03:28:57,753 - INFO -  Reinforcement Learning Programming-Assignment 1  
2026-06-12 03:28:57,753 - INFO - ==================================================
2026-06-12 03:28:57,754 - INFO - --------------------------------------------------
2026-06-12 03:28:57,952 - INFO - ==================================================
2026-06-12 03:28:57,953 - INFO -          Problem 1: Pick-and-Place Robot          
2026-06-12 03:28:57,953 - INFO - ==================================================
2026-06-12 03:28:57,954 - INFO - PickAndPlaceEnvironment Initialized.
2026-06-12 03:28:57,954 - INFO - Parameters: Gamma=0.99, R_task=100.0, R_time=-1.0
2026-06-12 03:28:57,954 - INFO - Total actions available: 27
2026-06-12 03:28:57,955 - INFO - Action Taken: dv1=1, dv2=-1, gripper=keep | Reward: -21.0
2026-06-12 03:28:57,955 - INFO - Problem 1 completed. Sample Reward: -21.0

2026-06-12 03:28:58,163 - INFO - ==================================================
2026-06-12 03:28:58,164 - INFO -      Problem 2: 2x2 Gridworld Value Iteration     
2026-06-12 03:28:58,164 - INFO - ==================================================
2026-06-12 03:28:58,164 - INFO - 【Manual Results】
2026-06-12 03:28:58,165 - INFO - Expected Iteration 1: V = [ 5.0, 10.0,  1.0,  2.0]
2026-06-12 03:28:58,165 - INFO - Expected Iteration 2: V = [14.0, 19.0,  5.5, 11.0]
2026-06-12 03:28:58,165 - INFO - ----------------------------------------
2026-06-12 03:28:58,166 - INFO - 【Agent Results】
2026-06-12 03:28:58,166 - INFO - Iteration 1 Values: [ 5. 10.  1.  2.]
2026-06-12 03:28:58,167 - INFO - Iteration 2 Values: [14.  19.   5.5 11. ]
2026-06-12 03:28:58,168 - INFO - ----------------------------------------
2026-06-12 03:28:58,168 - INFO - Verification Conclusion
2026-06-12 03:28:58,169 - INFO - V(s1) : Agent=14.0  | Manual=14.0
2026-06-12 03:28:58,169 - INFO - V(s2) : Agent=19.0  | Manual=19.0
2026-06-12 03:28:58,169 - INFO - V(s3) : Agent=5.5   | Manual=5.5
2026-06-12 03:28:58,170 - INFO - V(s4) : Agent=11.0  | Manual=11.0
2026-06-12 03:28:58,170 - INFO - Problem 2 completed.

2026-06-12 03:28:58,363 - INFO - ==================================================
2026-06-12 03:28:58,364 - INFO -    Problem 3, Task 1: Standard Value Iteration    
2026-06-12 03:28:58,364 - INFO - ==================================================
2026-06-12 03:28:58,365 - INFO - GridWorld5x5 Initialized.
2026-06-12 03:28:58,366 - INFO - Task 1 Completed: 9 iterations.
2026-06-12 03:28:58,366 - INFO - ----------------------------------------
2026-06-12 03:28:58,367 - INFO - 【Optimal Value Function V* (Standard VI)】
2026-06-12 03:28:58,368 - INFO - |  -0.43 |   0.63 |   1.81 |   3.12 |   4.58 |
2026-06-12 03:28:58,368 - INFO - |   0.63 |   1.81 |   3.12 |   4.58 |   6.20 |
2026-06-12 03:28:58,369 - INFO - |   1.81 |   3.12 |   4.58 |   6.20 |   8.00 |
2026-06-12 03:28:58,369 - INFO - |   3.12 |   4.58 |   6.20 |   8.00 |  10.00 |
2026-06-12 03:28:58,369 - INFO - |   4.58 |   6.20 |   8.00 |  10.00 |   0.00 |
2026-06-12 03:28:58,370 - INFO - ----------------------------------------
2026-06-12 03:28:58,370 - INFO - 【Optimal Policy π* (Standard VI)】
2026-06-12 03:28:58,371 - INFO - |  → |  → |  → |  ↓ |  ↓ |
2026-06-12 03:28:58,371 - INFO - |  → |  → |  → |  → |  ↓ |
2026-06-12 03:28:58,371 - INFO - |  → |  ↓ |  → |  → |  ↓ |
2026-06-12 03:28:58,371 - INFO - |  → |  → |  → |  → |  ↓ |
2026-06-12 03:28:58,372 - INFO - |  → |  → |  → |  → |  G |
2026-06-12 03:28:58,567 - INFO - ==================================================
2026-06-12 03:28:58,568 - INFO -    Problem 3, Task 2: In-Place Value Iteration    
2026-06-12 03:28:58,568 - INFO - ==================================================
2026-06-12 03:28:58,569 - INFO - Task 2 Completed: 9 iterations.
2026-06-12 03:28:58,570 - INFO - ----------------------------------------
2026-06-12 03:28:58,570 - INFO - 【Optimal Value Function V* (In-Place VI)】
2026-06-12 03:28:58,571 - INFO - |  -0.43 |   0.63 |   1.81 |   3.12 |   4.58 |
2026-06-12 03:28:58,571 - INFO - |   0.63 |   1.81 |   3.12 |   4.58 |   6.20 |
2026-06-12 03:28:58,572 - INFO - |   1.81 |   3.12 |   4.58 |   6.20 |   8.00 |
2026-06-12 03:28:58,572 - INFO - |   3.12 |   4.58 |   6.20 |   8.00 |  10.00 |
2026-06-12 03:28:58,572 - INFO - |   4.58 |   6.20 |   8.00 |  10.00 |   0.00 |
2026-06-12 03:28:58,572 - INFO - ----------------------------------------
2026-06-12 03:28:58,573 - INFO - 【Optimal Policy π* (In-Place VI)】
2026-06-12 03:28:58,573 - INFO - |  → |  → |  → |  ↓ |  ↓ |
2026-06-12 03:28:58,573 - INFO - |  → |  → |  → |  → |  ↓ |
2026-06-12 03:28:58,574 - INFO - |  → |  ↓ |  → |  → |  ↓ |
2026-06-12 03:28:58,574 - INFO - |  → |  → |  → |  → |  ↓ |
2026-06-12 03:28:58,574 - INFO - |  → |  → |  → |  → |  G |
2026-06-12 03:28:58,575 - INFO - ----------------------------------------
2026-06-12 03:28:58,575 - INFO - Validation: In-Place VI reached the EXACT SAME optimal state-values as Standard VI.
2026-06-12 03:28:58,775 - INFO - ==================================================
2026-06-12 03:28:58,775 - INFO -         Problem 3: Performance Comparison         
2026-06-12 03:28:58,776 - INFO - ==================================================
2026-06-12 03:28:58,776 - INFO - 【Execution Metrics】
2026-06-12 03:28:58,777 - INFO - 1. Standard Value Iteration: 9 iterations | Time: 0.00031 sec
2026-06-12 03:28:58,777 - INFO - 2. In-Place Value Iteration: 9 iterations | Time: 0.00032 sec
2026-06-12 03:28:58,777 - INFO - ----------------------------------------
2026-06-12 03:28:58,778 - INFO - 【Computational Complexity Comments】
2026-06-12 03:28:58,778 - INFO - Space Complexity: Standard VI requires O(2|S|) space because it maintains two separate arrays (old V and new V). In-Place VI requires only O(|S|) space because it updates the single value array directly.
2026-06-12 03:28:58,778 - INFO - Time Complexity: Both algorithms have a per-iteration complexity of O(|S| * |A|). However, In-Place VI typically requires fewer total episodes (iterations) to converge because it immediately uses updated state values for subsequent calculations within the same sweep, leading to faster information propagation across the grid.
2026-06-12 03:28:58,779 - INFO - Problem 3 fully completed.

2026-06-12 03:28:58,975 - INFO - ==================================================
2026-06-12 03:28:58,976 - INFO -         Problem 4: Off-Policy Monte Carlo         
2026-06-12 03:28:58,976 - INFO - ==================================================
2026-06-12 03:28:58,977 - INFO - GridWorld5x5 Initialized.
2026-06-12 03:28:58,977 - INFO - Starting Off-Policy MC training for 10000 episodes...
2026-06-12 03:29:02,809 - INFO - MC Training Completed in 3.83193 sec for 10000 episodes.
2026-06-12 03:29:02,810 - INFO - ----------------------------------------
2026-06-12 03:29:02,811 - INFO - 【Estimated Value Function V* (Monte Carlo)】
2026-06-12 03:29:02,811 - INFO - |  -0.44 |   0.56 |   1.77 |   3.07 |   4.15 |
2026-06-12 03:29:02,812 - INFO - |   0.62 |   1.77 |   3.01 |   4.48 |   6.00 |
2026-06-12 03:29:02,812 - INFO - |   1.74 |   3.05 |   4.50 |   6.13 |   7.94 |
2026-06-12 03:29:02,812 - INFO - |   3.03 |   4.50 |   6.11 |   7.94 |  10.00 |
2026-06-12 03:29:02,812 - INFO - |   4.43 |   6.09 |   7.94 |  10.00 |   0.00 |
2026-06-12 03:29:02,813 - INFO - ----------------------------------------
2026-06-12 03:29:02,813 - INFO - 【Estimated Policy π* (Monte Carlo)】
2026-06-12 03:29:02,813 - INFO - |  → |  ↓ |  → |  ↓ |  ↓ |
2026-06-12 03:29:02,814 - INFO - |  → |  ↓ |  → |  → |  ↓ |
2026-06-12 03:29:02,814 - INFO - |  → |  ↓ |  → |  ↓ |  ↓ |
2026-06-12 03:29:02,814 - INFO - |  → |  → |  ↓ |  → |  ↓ |
2026-06-12 03:29:02,814 - INFO - |  → |  → |  → |  → |  G |
2026-06-12 03:29:03,017 - INFO - ==================================================
2026-06-12 03:29:03,018 - INFO -     Problem 4: Advanced Comparison (MC vs VI)     
2026-06-12 03:29:03,019 - INFO - ==================================================
2026-06-12 03:29:03,019 - INFO - ==================================================================
2026-06-12 03:29:03,020 - INFO -   Off-Policy MC  vs  Standard Value Iteration
2026-06-12 03:29:03,020 - INFO - ==================================================================
2026-06-12 03:29:03,020 - INFO -   Metric                                      MC              VI
2026-06-12 03:29:03,021 - INFO -   ------------------------------------------------------------
2026-06-12 03:29:03,021 - INFO -   Episodes / Iterations                   10,000               9
2026-06-12 03:29:03,022 - INFO -   Wall-clock time (s)                    3.83193         0.00031
2026-06-12 03:29:03,022 - INFO -   Needs env model?                            No             Yes
2026-06-12 03:29:03,022 - INFO -   MAE vs VI ground truth                  0.0824          0.0000
2026-06-12 03:29:03,023 - INFO -   Max |V_mc - V_vi|                       0.4323          0.0000
2026-06-12 03:29:03,023 - INFO -   Policy agreement with VI                83.3%          100.0%
2026-06-12 03:29:03,023 - INFO - ==================================================================
2026-06-12 03:29:03,225 - INFO - Comparison Summary: MAE=0.0824, max_err=0.4323, policy_agree=83.3%
